Input #0, mov,mp4,m4a,3gp,3g2,mj2, from 'C:\EQi12_JellyfinNative\media\PLAY_THIS_5MIN_4K60_QSV_TEST.mp4':
  Metadata:
    major_brand     : isom
    minor_version   : 512
    compatible_brands: isomiso2avc1mp41
    encoder         : Lavf61.7.103
  Duration: 00:05:00.00, start: 0.000000, bitrate: 108643 kb/s
  Stream #0:0[0x1](und): Video: h264 (Constrained Baseline) (avc1 / 0x31637661), yuv420p(progressive), 3840x2160 [SAR 1:1 DAR 16:9], 108640 kb/s, 60 fps, 60 tbr, 15360 tbn (default)
    Metadata:
      handler_name    : VideoHandler
      encoder         : Lavc61.19.101 libx264
[D3D11VA @ 000002e8a4b006c0] Using device 8086:46b3 (Intel(R) UHD Graphics).
Stream mapping:
  Stream #0:0 -> #0:0 (h264 (h264_qsv) -> wrapped_avframe (native))
Press [q] to stop, [?] for help
Output #0, null, to 'NUL':
  Metadata:
    major_brand     : isom
    minor_version   : 512
    compatible_brands: isomiso2avc1mp41
    encoder         : Lavf62.12.102
  Stream #0:0(und): Video: wrapped_avframe, qsv(tv, progressive), 3840x2160 [SAR 1:1 DAR 16:9], q=2-31, 200 kb/s, 60 fps, 60 tbn (default)
    Metadata:
      encoder         : Lavc62.28.102 wrapped_avframe
      handler_name    : VideoHandler
frame=  123 fps=0.0 q=-0.0 size=N/A time=00:00:02.05 bitrate=N/A speed=3.98x elapsed=0:00:00.51    
frame=  264 fps=253 q=-0.0 size=N/A time=00:00:04.40 bitrate=N/A speed=4.21x elapsed=0:00:01.04    
[out#0/null @ 000002e8a4afcc40] video:124KiB audio:0KiB subtitle:0KiB other streams:0KiB global headers:0KiB muxing overhead: unknown
frame=  300 fps=250 q=-0.0 Lsize=N/A time=00:00:05.00 bitrate=N/A speed=4.17x elapsed=0:00:01.19    
bench: utime=0.422s stime=0.188s rtime=1.200s
bench: maxrss=156412KiB
