Input #0, lavfi, from 'testsrc2=size=1920x1080:rate=60':
  Duration: N/A, start: 0.000000, bitrate: N/A
  Stream #0:0: Video: wrapped_avframe, yuv420p, 1920x1080 [SAR 1:1 DAR 16:9], 60 fps, 60 tbr, 60 tbn
Stream mapping:
  Stream #0:0 -> #0:0 (wrapped_avframe (native) -> av1 (libsvtav1))
Press [q] to stop, [?] for help
Svt[info]: -------------------------------------------
Svt[info]: SVT [version]:	SVT-AV1 Encoder Lib v4.1.0-259-gec17f8382
Svt[info]: SVT [build]  :	GCC 16.1.0	 64 bit
Svt[info]: LIB Build date: Jun 25 2026 11:25:30
Svt[info]: -------------------------------------------
Svt[warn]: Preset M12 is mapped to M11.
Svt[warn]: Screen-content detection and tools are disabled for RA mode coding at M9 and above; forcing NSC path
Svt[warn]: Non-RTC M10+ are meant for automation tooling usage. Visual artifacts may occur otherwise.
Svt[info]: Level of Parallelism: 4
Svt[info]: Number of PPCS 59
Svt[info]: [asm level on system : up to avx2]
Svt[info]: [asm level selected : up to avx2]
Svt[info]: -------------------------------------------
Svt[info]: SVT [config]: main profile	tier (auto)	level (auto)
Svt[info]: SVT [config]: width / height / fps numerator / fps denominator 		: 1920 / 1080 / 60 / 1
Svt[info]: SVT [config]: bit-depth / color format 					: 8 / YUV420
Svt[info]: SVT [config]: preset / tune / pred struct 					: 11 / PSNR / random access
Svt[info]: SVT [config]: gop size / mini-gop size / key-frame type 			: 321 / 16 / key frame
Svt[info]: SVT [config]: BRC mode / rate factor 					: CRF / 40.00 
Svt[info]: SVT [config]: AQ mode / Variance Boost 					: 2 / 0
Svt[info]: SVT [config]: sharpness / luminance-based QP bias 				: 0 / 0
Svt[info]: SVT [config]: QP scale compress strength 					: 0
Svt[info]: SVT [config]: High Bit Depth Mode Decision setting 					: -1
Svt[info]: -------------------------------------------
Output #0, matroska, to 'C:\EQi12_Codec_Evidence\source_av1_1080p60_5s.mkv':
  Metadata:
    encoder         : Lavf62.12.102
  Stream #0:0: Video: av1 (AV01 / 0x31305641), yuv420p(tv, progressive), 1920x1080 [SAR 1:1 DAR 16:9], q=2-31, 60 fps, 1k tbn
    Metadata:
      encoder         : Lavc62.28.102 libsvtav1
frame=   40 fps=0.0 q=40.0 size=       1KiB time=00:00:00.65 bitrate=   6.8kbits/s speed=1.25x elapsed=0:00:00.51    
frame=  164 fps=158 q=40.0 size=       1KiB time=00:00:02.71 bitrate=   1.6kbits/s speed=2.62x elapsed=0:00:01.03    
[out#0/matroska @ 000002b192040400] video:3401KiB audio:0KiB subtitle:0KiB other streams:0KiB global headers:0KiB muxing overhead: 0.057056%
frame=  300 fps=203 q=40.0 Lsize=    3403KiB time=00:00:04.98 bitrate=5593.9kbits/s speed=3.37x elapsed=0:00:01.47    
