Input #0, mov,mp4,m4a,3gp,3g2,mj2, from 'C:\EQi12_JellyfinNative\media\PLAY_THIS_5MIN_4K60_QSV_TEST.mp4':
  Metadata:
    major_brand     : isom
    minor_version   : 512
    compatible_brands: isomiso2avc1mp41
    encoder         : Lavf61.7.103
  Duration: 00:05:00.00, start: 0.000000, bitrate: 108643 kb/s
  Stream #0:0[0x1](und): Video: h264 (Constrained Baseline) (avc1 / 0x31637661), yuv420p(progressive), 3840x2160 [SAR 1:1 DAR 16:9], 108640 kb/s, 60 fps, 60 tbr, 15360 tbn (default)
    Metadata:
      handler_name    : VideoHandler
      encoder         : Lavc61.19.101 libx264
[D3D11VA @ 0000020cce99b440] Using device 8086:46b3 (Intel(R) UHD Graphics).
Stream mapping:
  Stream #0:0 -> #0:0 (h264 (h264_qsv) -> hevc (hevc_qsv))
Press [q] to stop, [?] for help
Output #0, null, to 'NUL':
  Metadata:
    major_brand     : isom
    minor_version   : 512
    compatible_brands: isomiso2avc1mp41
    encoder         : Lavf62.12.102
  Stream #0:0(und): Video: hevc, qsv(tv, progressive), 1920x1080 [SAR 1:1 DAR 16:9], q=2-31, 60 fps, 60 tbn (default)
    Metadata:
      encoder         : Lavc62.28.102 hevc_qsv
      handler_name    : VideoHandler
    Side data:
      CPB properties: bitrate max/min/avg: 0/0/0 buffer size: 0 vbv_delay: N/A
frame=   28 fps=0.0 q=-0.0 size=N/A time=00:00:00.41 bitrate=N/A speed=0.827x elapsed=0:00:00.50    
frame=   79 fps= 77 q=-0.0 size=N/A time=00:00:01.26 bitrate=N/A speed=1.23x elapsed=0:00:01.03    
frame=  130 fps= 84 q=-0.0 size=N/A time=00:00:02.11 bitrate=N/A speed=1.37x elapsed=0:00:01.54    
frame=  180 fps= 88 q=-0.0 size=N/A time=00:00:02.95 bitrate=N/A speed=1.43x elapsed=0:00:02.05    
frame=  231 fps= 90 q=-0.0 size=N/A time=00:00:03.80 bitrate=N/A speed=1.48x elapsed=0:00:02.56    
frame=  283 fps= 92 q=-0.0 size=N/A time=00:00:04.66 bitrate=N/A speed=1.51x elapsed=0:00:03.08    
[out#0/null @ 0000020cce99e900] video:3708KiB audio:0KiB subtitle:0KiB other streams:0KiB global headers:0KiB muxing overhead: unknown
frame=  300 fps= 92 q=-0.0 Lsize=N/A time=00:00:04.95 bitrate=N/A speed=1.52x elapsed=0:00:03.24    
bench: utime=1.203s stime=0.328s rtime=3.249s
bench: maxrss=443832KiB
