Input #0, mov,mp4,m4a,3gp,3g2,mj2, from '/media/EQi12_4K60_10s.mp4':
  Metadata:
    major_brand     : isom
    minor_version   : 512
    compatible_brands: isomiso2avc1mp41
    encoder         : Lavf61.7.103
  Duration: 00:00:10.00, start: 0.000000, bitrate: 108643 kb/s
  Stream #0:0[0x1](und): Video: h264 (Constrained Baseline) (avc1 / 0x31637661), yuv420p(progressive), 3840x2160 [SAR 1:1 DAR 16:9], 108640 kb/s, 60 fps, 60 tbr, 15360 tbn (default)
      Metadata:
        handler_name    : VideoHandler
        vendor_id       : [0][0][0][0]
        encoder         : Lavc61.19.101 libx264
Stream mapping:
  Stream #0:0 -> #0:0 (h264 (native) -> h264 (libx264))
Press [q] to stop, [?] for help
[libx264 @ 0x77ef6b8c9700] using SAR=1/1
[libx264 @ 0x77ef6b8c9700] using cpu capabilities: MMX2 SSE2Fast SSSE3 SSE4.2 AVX FMA3 BMI2 AVX2
[libx264 @ 0x77ef6b8c9700] profile High, level 4.2, 4:2:0, 8-bit
[libx264 @ 0x77ef6b8c9700] 264 - core 164 r3108 31e19f9 - H.264/MPEG-4 AVC codec - Copyleft 2003-2023 - http://www.videolan.org/x264.html - options: cabac=1 ref=1 deblock=1:0:0 analyse=0x3:0x113 me=hex subme=2 psy=1 psy_rd=1.00:0.00 mixed_ref=0 me_range=16 chroma_me=1 trellis=0 8x8dct=1 cqm=0 deadzone=21,11 fast_pskip=1 chroma_qp_offset=0 threads=12 lookahead_threads=4 sliced_threads=0 nr=0 decimate=1 interlaced=0 bluray_compat=0 constrained_intra=0 bframes=3 b_pyramid=2 b_adapt=1 b_bias=0 direct=1 weightb=1 open_gop=0 weightp=1 keyint=250 keyint_min=25 scenecut=40 intra_refresh=0 rc_lookahead=10 rc=crf mbtree=1 crf=23.0 qcomp=0.60 qpmin=0 qpmax=69 qpstep=4 ip_ratio=1.40 aq=1:1.00
Output #0, mp4, to '/cache/EQi12_1080p_software.mp4':
  Metadata:
    major_brand     : isom
    minor_version   : 512
    compatible_brands: isomiso2avc1mp41
    encoder         : Lavf61.7.103
  Stream #0:0(und): Video: h264 (avc1 / 0x31637661), yuv420p(tv, progressive), 1920x1080 [SAR 1:1 DAR 16:9], q=2-31, 60 fps, 15360 tbn (default)
      Metadata:
        handler_name    : VideoHandler
        vendor_id       : [0][0][0][0]
        encoder         : Lavc61.19.101 libx264
      Side data:
        cpb: bitrate max/min/avg: 0/0/0 buffer size: 0 vbv_delay: N/A
frame=   31 fps=0.0 q=31.0 size=       0KiB time=00:00:00.48 bitrate=   0.8kbits/s speed=0.964x    
frame=  101 fps=101 q=31.0 size=     256KiB time=00:00:01.65 bitrate=1271.2kbits/s speed=1.64x    
frame=  171 fps=113 q=31.0 size=     512KiB time=00:00:02.81 bitrate=1489.2kbits/s speed=1.87x    
frame=  241 fps=120 q=31.0 size=     768KiB time=00:00:03.98 bitrate=1579.5kbits/s speed=1.98x    
frame=  309 fps=123 q=31.0 size=    1024KiB time=00:00:05.11 bitrate=1639.5kbits/s speed=2.04x    
frame=  378 fps=126 q=31.0 size=    1280KiB time=00:00:06.26 bitrate=1673.3kbits/s speed=2.08x    
frame=  447 fps=127 q=31.0 size=    1536KiB time=00:00:07.41 bitrate=1696.6kbits/s speed=2.11x    
frame=  516 fps=129 q=31.0 size=    1792KiB time=00:00:08.56 bitrate=1713.7kbits/s speed=2.14x    
[out#0/mp4 @ 0x77ef6b880d40] video:2329KiB audio:0KiB subtitle:0KiB other streams:0KiB global headers:0KiB muxing overhead: 0.301056%
frame=  600 fps=135 q=-1.0 Lsize=    2336KiB time=00:00:09.96 bitrate=1919.8kbits/s speed=2.25x    
bench: utime=25.887s stime=1.199s rtime=4.436s
bench: maxrss=741760KiB
[libx264 @ 0x77ef6b8c9700] frame I:3     Avg QP:12.56  size: 29451
[libx264 @ 0x77ef6b8c9700] frame P:224   Avg QP:21.74  size:  6743
[libx264 @ 0x77ef6b8c9700] frame B:373   Avg QP:31.31  size:  2105
[libx264 @ 0x77ef6b8c9700] consecutive B-frames:  1.5% 27.3% 58.5% 12.7%
[libx264 @ 0x77ef6b8c9700] mb I  I16..4: 91.5%  0.6%  7.9%
[libx264 @ 0x77ef6b8c9700] mb P  I16..4:  3.0%  0.1%  0.1%  P16..4:  6.7%  0.7%  0.3%  0.0%  0.0%    skip:89.0%
[libx264 @ 0x77ef6b8c9700] mb B  I16..4:  0.2%  0.0%  0.0%  B16..8:  3.2%  0.7%  0.0%  direct: 2.2%  skip:93.7%  L0:50.5% L1:46.7% BI: 2.8%
[libx264 @ 0x77ef6b8c9700] 8x8 transform intra:3.3% inter:4.8%
[libx264 @ 0x77ef6b8c9700] coded y,uvDC,uvAC intra: 7.7% 24.9% 20.6% inter: 0.8% 4.0% 2.7%
[libx264 @ 0x77ef6b8c9700] i16 v,h,dc,p: 86% 11%  3%  0%
[libx264 @ 0x77ef6b8c9700] i8 v,h,dc,ddl,ddr,vr,hd,vl,hu: 12% 16% 48%  1%  1%  0%  9%  0% 13%
[libx264 @ 0x77ef6b8c9700] i4 v,h,dc,ddl,ddr,vr,hd,vl,hu: 23% 29% 28%  3%  1%  1%  7%  1%  7%
[libx264 @ 0x77ef6b8c9700] i8c dc,h,v,p: 62% 18% 19%  1%
[libx264 @ 0x77ef6b8c9700] Weighted P-Frames: Y:0.0% UV:0.0%
[libx264 @ 0x77ef6b8c9700] kb/s:1907.13
