Input #0, matroska,webm, from 'C:\EQi12_Codec_Evidence\source_vp9_1080p60_5s.webm':
  Metadata:
    ENCODER         : Lavf62.12.102
  Duration: 00:00:05.00, start: 0.000000, bitrate: 4691 kb/s
  Stream #0:0: Video: vp9 (Profile 0), yuv420p(tv, progressive), 1920x1080, SAR 1:1 DAR 16:9, 60 fps, 60 tbr, 1k tbn
    Metadata:
      ENCODER         : Lavc62.28.102 libvpx-vp9
      DURATION        : 00:00:05.000000000
[D3D11VA @ 000002ccf36b0600] Using device 8086:46b3 (Intel(R) UHD Graphics).
Stream mapping:
  Stream #0:0 -> #0:0 (vp9 (vp9_qsv) -> wrapped_avframe (native))
Press [q] to stop, [?] for help
Output #0, null, to 'NUL':
  Metadata:
    encoder         : Lavf62.12.102
  Stream #0:0: Video: wrapped_avframe, qsv(tv, progressive), 1920x1080 [SAR 1:1 DAR 16:9], q=2-31, 200 kb/s, 60 fps, 60 tbn
    Metadata:
      encoder         : Lavc62.28.102 wrapped_avframe
      DURATION        : 00:00:05.000000000
[out#0/null @ 000002ccf36ac440] video:124KiB audio:0KiB subtitle:0KiB other streams:0KiB global headers:0KiB muxing overhead: unknown
frame=  300 fps=0.0 q=-0.0 Lsize=N/A time=00:00:05.00 bitrate=N/A speed=23.3x elapsed=0:00:00.21    
bench: utime=0.047s stime=0.062s rtime=0.214s
bench: maxrss=281696KiB
